>>> print_square = __import__('4-print_square').print_square

1 - print function return

>>> print_square(3)
###
###
###

2 - print function return

>>> print_square(1)
#

3 - print function return

>>> print_square(6)
######
######
######
######
######
######

4 - Should generate a ValueError exception

>>> print_square(-3)
Traceback (most recent call last):
ValueError: size must be >= 0

5 - Should generate a TypeError exception

>>> print_square("one")
Traceback (most recent call last):
TypeError: size must be an integer

6 - Should generate a TypeError exception

>>> print_square(2.0)
Traceback (most recent call last):
TypeError: size must be an integer

7 - Should generate a TypeError exception

>>> print_square('30')
Traceback (most recent call last):
TypeError: size must be an integer

8 - Should generate a TypeError exception

>>> print_square()
Traceback (most recent call last):
TypeError: print_square() missing 1 required positional argument: 'size'

9 - Should generate a TypeError exception

>>> print_square(3, 3)
Traceback (most recent call last):
TypeError: print_square() takes 1 positional argument but 2 were given

10 - print function return

>>> print_square(0)